###############################################################################
#
# IAR ELF Linker V3.10.1.201 for STM8                     23/Apr/2020  11:25:28
# Copyright 2010-2017 IAR Systems AB.
#
#    Output file  =  
#        D:\24gdolphin\TestCode\node_code-DTU485\Debug\Exe\STM8L052C6.out
#    Map file     =  
#        D:\24gdolphin\TestCode\node_code-DTU485\Debug\List\STM8L052C6.map
#    Command line =  
#        -f C:\Users\Ken\AppData\Local\Temp\EWA22A.tmp
#        (D:\24gdolphin\TestCode\node_code-DTU485\Debug\Obj\board.o
#        D:\24gdolphin\TestCode\node_code-DTU485\Debug\Obj\helper.o
#        D:\24gdolphin\TestCode\node_code-DTU485\Debug\Obj\lora.o
#        D:\24gdolphin\TestCode\node_code-DTU485\Debug\Obj\main.o
#        D:\24gdolphin\TestCode\node_code-DTU485\Debug\Obj\modbus485.o
#        D:\24gdolphin\TestCode\node_code-DTU485\Debug\Obj\sensor.o
#        D:\24gdolphin\TestCode\node_code-DTU485\Debug\Obj\stm8l15x_adc.o
#        D:\24gdolphin\TestCode\node_code-DTU485\Debug\Obj\stm8l15x_aes.o
#        D:\24gdolphin\TestCode\node_code-DTU485\Debug\Obj\stm8l15x_beep.o
#        D:\24gdolphin\TestCode\node_code-DTU485\Debug\Obj\stm8l15x_clk.o
#        D:\24gdolphin\TestCode\node_code-DTU485\Debug\Obj\stm8l15x_comp.o
#        D:\24gdolphin\TestCode\node_code-DTU485\Debug\Obj\stm8l15x_dac.o
#        D:\24gdolphin\TestCode\node_code-DTU485\Debug\Obj\stm8l15x_dma.o
#        D:\24gdolphin\TestCode\node_code-DTU485\Debug\Obj\stm8l15x_exti.o
#        D:\24gdolphin\TestCode\node_code-DTU485\Debug\Obj\stm8l15x_flash.o
#        D:\24gdolphin\TestCode\node_code-DTU485\Debug\Obj\stm8l15x_gpio.o
#        D:\24gdolphin\TestCode\node_code-DTU485\Debug\Obj\stm8l15x_i2c.o
#        D:\24gdolphin\TestCode\node_code-DTU485\Debug\Obj\stm8l15x_irtim.o
#        D:\24gdolphin\TestCode\node_code-DTU485\Debug\Obj\stm8l15x_it.o
#        D:\24gdolphin\TestCode\node_code-DTU485\Debug\Obj\stm8l15x_itc.o
#        D:\24gdolphin\TestCode\node_code-DTU485\Debug\Obj\stm8l15x_iwdg.o
#        D:\24gdolphin\TestCode\node_code-DTU485\Debug\Obj\stm8l15x_lcd.o
#        D:\24gdolphin\TestCode\node_code-DTU485\Debug\Obj\stm8l15x_pwr.o
#        D:\24gdolphin\TestCode\node_code-DTU485\Debug\Obj\stm8l15x_rst.o
#        D:\24gdolphin\TestCode\node_code-DTU485\Debug\Obj\stm8l15x_rtc.o
#        D:\24gdolphin\TestCode\node_code-DTU485\Debug\Obj\stm8l15x_spi.o
#        D:\24gdolphin\TestCode\node_code-DTU485\Debug\Obj\stm8l15x_syscfg.o
#        D:\24gdolphin\TestCode\node_code-DTU485\Debug\Obj\stm8l15x_tim1.o
#        D:\24gdolphin\TestCode\node_code-DTU485\Debug\Obj\stm8l15x_tim2.o
#        D:\24gdolphin\TestCode\node_code-DTU485\Debug\Obj\stm8l15x_tim3.o
#        D:\24gdolphin\TestCode\node_code-DTU485\Debug\Obj\stm8l15x_tim4.o
#        D:\24gdolphin\TestCode\node_code-DTU485\Debug\Obj\stm8l15x_tim5.o
#        D:\24gdolphin\TestCode\node_code-DTU485\Debug\Obj\stm8l15x_usart.o
#        D:\24gdolphin\TestCode\node_code-DTU485\Debug\Obj\stm8l15x_wfe.o
#        D:\24gdolphin\TestCode\node_code-DTU485\Debug\Obj\stm8l15x_wwdg.o
#        D:\24gdolphin\TestCode\node_code-DTU485\Debug\Obj\sx1276-LoRaMisc.o
#        D:\24gdolphin\TestCode\node_code-DTU485\Debug\Obj\w25q.o --redirect
#        _Printf=_PrintfFullNoMb --redirect _Scanf=_ScanfFullNoMb -o
#        D:\24gdolphin\TestCode\node_code-DTU485\Debug\Exe\STM8L052C6.out --map
#        D:\24gdolphin\TestCode\node_code-DTU485\Debug\List\STM8L052C6.map
#        --config "C:\Program Files (x86)\IAR Systems\Embedded Workbench
#        8.0\stm8\config\lnkstm8l052r8.icf" --config_def _CSTACK_SIZE=0x100
#        --config_def _HEAP_SIZE=0x100 --entry __iar_program_start --debug_lib)
#
###############################################################################

*******************************************************************************
*** RUNTIME MODEL ATTRIBUTES
***

__SystemLibrary            = DLib
__code_model               = small
__core                     = stm8
__data_model               = medium
__dlib_file_descriptor     = 0
__dlib_full_locale_support = 0
__rt_version               = 4


*******************************************************************************
*** PLACEMENT SUMMARY
***

"A0":  place at start of [0x000000-0x0000ff] { rw section .vregs };
"A1":  place at end of [0x000000-0x000fff] { block CSTACK };
"P2":  place in [from 0x000000 to 0x000fff] {
          block HEAP, rw section __DLIB_PERTHREAD, rw section .far.bss,
          rw section .far.data, rw section .far.noinit,
          rw section .far_func.textrw, rw section .huge.bss,
          rw section .huge.data, rw section .huge.noinit,
          rw section .huge_func.textrw, rw section .iar.dynexit,
          rw section .near.bss, rw section .near.data, rw section .near.noinit,
          rw section .near_func.textrw };
"A2":  place at start of [0x008000-0x00ffff] { block INTVEC };
"P3":  place in [from 0x008000 to 0x00ffff] {
          ro section __DLIB_PERTHREAD_init, ro section .far.data_init,
          ro section .far_func.textrw_init, ro section .huge.data_init,
          ro section .huge_func.textrw_init, ro section .iar.init_table,
          ro section .init_array, ro section .near.data_init,
          ro section .near.rodata, ro section .near_func.text,
          ro section .near_func.textrw_init, ro section .tiny.data_init,
          ro section .tiny.rodata_init };
do not initialize {
   rw section .eeprom.noinit, rw section .far.noinit, rw section .huge.noinit,
   rw section .near.noinit, rw section .tiny.noinit, rw section .vregs };
initialize by copy {
   rw section .far.bss, rw section .far.data, rw section .far_func.textrw,
   rw section .huge.bss, rw section .huge.data, rw section .huge_func.textrw,
   rw section .iar.dynexit, rw section .near.bss, rw section .near.data,
   rw section .near_func.textrw, rw section .tiny.bss, rw section .tiny.data,
   ro section .tiny.rodata };

  Section            Kind      Address    Size  Object
  -------            ----      -------    ----  ------
"A0":                                     0x10
  .vregs             uninit   0x000000    0x10  vregs.o [4]
                            - 0x000010    0x10

"P2", part 1 of 2:                         0x4
  P2-1                        0x000010     0x4  <Init block>
    .near.data       inited   0x000010     0x1  lora.o [1]
    .near.data       inited   0x000011     0x2  main.o [1]
    .near.data       inited   0x000013     0x1  main.o [1]
                            - 0x000014     0x4

"P2", part 2 of 2:                       0x1c6
  .near.bss          zero     0x000014    0x80  main.o [1]
  .near.bss          zero     0x000094    0x80  main.o [1]
  .near.bss          zero     0x000114    0x70  lora.o [1]
  .near.bss          zero     0x000184    0x1e  stm8l15x_it.o [1]
  .near.bss          zero     0x0001a2    0x19  main.o [1]
  .near.bss          zero     0x0001bb     0xa  main.o [1]
  .near.bss          zero     0x0001c5     0x4  main.o [1]
  .near.bss          zero     0x0001c9     0x2  lora.o [1]
  .near.bss          zero     0x0001cb     0x2  lora.o [1]
  .near.bss          zero     0x0001cd     0x2  main.o [1]
  .near.bss          zero     0x0001cf     0x2  main.o [1]
  .near.bss          zero     0x0001d1     0x2  main.o [1]
  .near.bss          zero     0x0001d3     0x2  errno.o [4]
  .near.bss          zero     0x0001d5     0x1  lora.o [1]
  .near.bss          zero     0x0001d6     0x1  main.o [1]
  .near.bss          zero     0x0001d7     0x1  main.o [1]
  .near.bss          zero     0x0001d8     0x1  main.o [1]
  .near.bss          zero     0x0001d9     0x1  stm8l15x_it.o [1]
                            - 0x0001da   0x1c6

"A1":                                    0x100
  CSTACK                      0x000f00   0x100  <Block>
    CSTACK           uninit   0x000f00   0x100  <Block tail>
                            - 0x001000   0x100

"A2":                                     0x80
  INTVEC                      0x008000    0x80  <Block>
    .intvec          const    0x008000    0x80  interrupt.o [4]
                            - 0x008080    0x80

"P3":                                   0x5dbd
  .near_func.text    ro code  0x008080   0x47f  float.o [4]
  .near_func.text    ro code  0x0084ff   0x45d  xprintffull_nomb.o [4]
  .near_func.text    ro code  0x00895c   0x412  xprintffull_nomb.o [4]
  .near_func.text    ro code  0x008d6e   0x383  xprintffull_nomb.o [4]
  .near_func.text    ro code  0x0090f1   0x33a  xscanffull_nomb.o [4]
  .near_func.text    ro code  0x00942b   0x2e1  lora.o [1]
  .near_func.text    ro code  0x00970c   0x293  main.o [1]
  .near_func.text    ro code  0x00999f   0x26b  xstoflt.o [4]
  .near_func.text    ro code  0x009c0a   0x243  long.o [4]
  .near_func.text    ro code  0x009e4d   0x210  main.o [1]
  .near_func.text    ro code  0x00a05d   0x200  board.o [1]
  .near_func.text    ro code  0x00a25d   0x1f0  xscanffull_nomb.o [4]
  .near_func.text    ro code  0x00a44d   0x1c3  xstoul.o [4]
  .near_func.text    ro code  0x00a610   0x193  xscanffull_nomb.o [4]
  .near_func.text    ro code  0x00a7a3   0x182  vreg_util.o [4]
  .near_func.text    ro code  0x00a925   0x181  lora.o [1]
  .near_func.text    ro code  0x00aaa6   0x176  xprintffull_nomb.o [4]
  .near_func.text    ro code  0x00ac1c   0x172  w25q.o [1]
  .near_func.text    ro code  0x00ad8e   0x16b  xscanffull_nomb.o [4]
  .near_func.text    ro code  0x00aef9   0x163  xdtento.o [4]
  .near_func.text    ro code  0x00b05c   0x161  float_libsup.o [4]
  .near_func.text    ro code  0x00b1bd   0x135  board.o [1]
  .near_func.text    ro code  0x00b2f2   0x132  sx1276-LoRaMisc.o [1]
  .near_func.text    ro code  0x00b424   0x113  stm8l15x_itc.o [1]
  .near_func.text    ro code  0x00b537   0x10d  main.o [1]
  .near_func.text    ro code  0x00b644   0x10d  stm8l15x_exti.o [1]
  .near.rodata       const    0x00b751    0xfa  main.o [1]
  .near_func.text    ro code  0x00b84b    0xf9  xstopfx.o [4]
  .near_func.text    ro code  0x00b944    0xe4  xstold.o [4]
  .near_func.text    ro code  0x00ba28    0xcc  xstol.o [4]
  .near_func.text    ro code  0x00baf4    0xca  stm8l15x_usart.o [1]
  .near_func.text    ro code  0x00bbbe    0xc8  main.o [1]
  .near_func.text    ro code  0x00bc86    0xc7  main.o [1]
  .near_func.text    ro code  0x00bd4d    0xbc  main.o [1]
  .near_func.text    ro code  0x00be09    0xbc  xscanffull_nomb.o [4]
  .near_func.text    ro code  0x00bec5    0xb5  lora.o [1]
  .near_func.text    ro code  0x00bf7a    0xa9  stm8l15x_usart.o [1]
  .near_func.text    ro code  0x00c023    0x99  stm8l15x_rtc.o [1]
  .near_func.text    ro code  0x00c0bc    0x98  stm8l15x_clk.o [1]
  .near_func.text    ro code  0x00c154    0x94  stm8l15x_usart.o [1]
  .near_func.text    ro code  0x00c1e8    0x90  long_util.o [4]
  .near_func.text    ro code  0x00c278    0x8e  stm8l15x_gpio.o [1]
  .near_func.text    ro code  0x00c306    0x89  stm8l15x_clk.o [1]
  .near_func.text    ro code  0x00c38f    0x84  stm8l15x_rtc.o [1]
  .near_func.text    ro code  0x00c413    0x72  stm8l15x_clk.o [1]
  .near_func.text    ro code  0x00c485    0x71  stm8l15x_it.o [1]
  .near_func.text    ro code  0x00c4f6    0x6b  sx1276-LoRaMisc.o [1]
  .near_func.text    ro code  0x00c561    0x65  board.o [1]
  .near_func.text    ro code  0x00c5c6    0x65  stm8l15x_tim2.o [1]
  .near_func.text    ro code  0x00c62b    0x62  helper.o [1]
  .near_func.text    ro code  0x00c68d    0x5b  stm8l15x_rtc.o [1]
  .near_func.text    ro code  0x00c6e8    0x5b  short.o [4]
  .near_func.text    ro code  0x00c743    0x5b  xscanffull_nomb.o [4]
  .near_func.text    ro code  0x00c79e    0x5a  sx1276-LoRaMisc.o [1]
  .near_func.text    ro code  0x00c7f8    0x59  strstr.o [4]
  .near_func.text    ro code  0x00c851    0x57  board.o [1]
  .near_func.text    ro code  0x00c8a8    0x56  board.o [1]
  .near_func.text    ro code  0x00c8fe    0x56  stm8l15x_it.o [1]
  .near_func.text    ro code  0x00c954    0x56  sx1276-LoRaMisc.o [1]
  .near.rodata       const    0x00c9aa    0x53  main.o [1]
  .near_func.text    ro code  0x00c9fd    0x4e  stm8l15x_it.o [1]
  .near_func.text    ro code  0x00ca4b    0x48  xscanffull_nomb.o [4]
  .near_func.text    ro code  0x00ca93    0x46  helper.o [1]
  .near_func.text    ro code  0x00cad9    0x46  sx1276-LoRaMisc.o [1]
  .near_func.text    ro code  0x00cb1f    0x43  sx1276-LoRaMisc.o [1]
  .near_func.text    ro code  0x00cb62    0x43  xprintffull_nomb.o [4]
  .near_func.text    ro code  0x00cba5    0x42  sx1276-LoRaMisc.o [1]
  .near_func.text    ro code  0x00cbe7    0x41  stm8l15x_spi.o [1]
  .near_func.text    ro code  0x00cc28    0x41  sx1276-LoRaMisc.o [1]
  .near_func.text    ro code  0x00cc69    0x41  xprintffull_nomb.o [4]
  .near_func.text    ro code  0x00ccaa    0x3f  main.o [1]
  .near_func.text    const    0x00cce9    0x3f  xscanffull_nomb.o [4]
  .near_func.text    ro code  0x00cd28    0x3e  helper.o [1]
  .near_func.text    ro code  0x00cd66    0x3e  sx1276-LoRaMisc.o [1]
  .near_func.text    ro code  0x00cda4    0x3e  sx1276-LoRaMisc.o [1]
  .near_func.text    ro code  0x00cde2    0x3d  sprintf.o [4]
  .near_func.text    ro code  0x00ce1f    0x3c  stm8l15x_it.o [1]
  .near_func.text    ro code  0x00ce5b    0x3c  sx1276-LoRaMisc.o [1]
  .near_func.text    const    0x00ce97    0x3c  xprintffull_nomb.o [4]
  .near_func.text    ro code  0x00ced3    0x3a  stm8l15x_it.o [1]
  .near_func.text    ro code  0x00cf0d    0x37  main.o [1]
  .near_func.text    ro code  0x00cf44    0x37  sx1276-LoRaMisc.o [1]
  .near_func.text    ro code  0x00cf7b    0x37  sx1276-LoRaMisc.o [1]
  .near_func.text    ro code  0x00cfb2    0x37  xprintffull_nomb.o [4]
  .near_func.text    ro code  0x00cfe9    0x34  stm8l15x_rtc.o [1]
  .near_func.text    ro code  0x00d01d    0x33  helper.o [1]
  .near_func.text    ro code  0x00d050    0x33  xprintffull_nomb.o [4]
  .near.rodata       const    0x00d083    0x32  main.o [1]
  .near_func.text    ro code  0x00d0b5    0x31  stm8l15x_it.o [1]
  .near_func.text    ro code  0x00d0e6    0x30  div.o [4]
  .near_func.text    ro code  0x00d116    0x2f  xprintffull_nomb.o [4]
  .near_func.text    ro code  0x00d145    0x2e  xscanffull_nomb.o [4]
  .near.rodata       const    0x00d173    0x2d  main.o [1]
  .near_func.text    ro code  0x00d1a0    0x2c  stm8l15x_gpio.o [1]
  .near_func.text    ro code  0x00d1cc    0x2c  xdtento.o [4]
  .near_func.text    ro code  0x00d1f8    0x29  stm8l15x_it.o [1]
  .near_func.text    ro code  0x00d221    0x28  init_small.o [4]
  .near.rodata       const    0x00d249    0x27  main.o [1]
  .near_func.text    ro code  0x00d270    0x27  stm8l15x_usart.o [1]
  .near_func.text    ro code  0x00d297    0x27  stm8l15x_usart.o [1]
  .near_func.text    ro code  0x00d2be    0x27  w25q.o [1]
  .near_func.text    ro code  0x00d2e5    0x27  xsscin.o [4]
  .near.rodata       const    0x00d30c    0x26  main.o [1]
  .near.rodata       const    0x00d332    0x25  main.o [1]
  .near.rodata       const    0x00d357    0x25  main.o [1]
  .near.rodata       const    0x00d37c    0x25  xstoul.o [4]
  .near.rodata       const    0x00d3a1    0x25  xstoul.o [4]
  .near.rodata       const    0x00d3c6    0x24  main.o [1]
  .near_func.text    ro code  0x00d3ea    0x24  board.o [1]
  .near_func.text    ro code  0x00d40e    0x24  main.o [1]
  .near_func.text    ro code  0x00d432    0x24  main.o [1]
  .near_func.text    ro code  0x00d456    0x24  stm8l15x_tim2.o [1]
  .near_func.text    ro code  0x00d47a    0x24  isalnum.o [4]
  .near.rodata       const    0x00d49e    0x23  main.o [1]
  .near_func.text    ro code  0x00d4c1    0x22  stm8l15x_rtc.o [1]
  .near_func.text    ro code  0x00d4e3    0x22  stm8l15x_usart.o [1]
  .near_func.text    ro code  0x00d505    0x21  stm8l15x_exti.o [1]
  .near_func.text    ro code  0x00d526    0x21  stm8l15x_exti.o [1]
  .near_func.text    ro code  0x00d547    0x21  xscanffull_nomb.o [4]
  .near_func.text    ro code  0x00d568    0x21  memchr.o [4]
  .iar.init_table    const    0x00d589    0x12  - Linker created -
  .near.rodata       const    0x00d59b    0x20  main.o [1]
  .near_func.text    ro code  0x00d5bb    0x20  board.o [1]
  .near_func.text    ro code  0x00d5db    0x20  main.o [1]
  .near.rodata       const    0x00d5fb    0x1f  main.o [1]
  .near.rodata       const    0x00d61a    0x1f  main.o [1]
  .near_func.text    ro code  0x00d639    0x1f  memcpy.o [4]
  .near_func.text    ro code  0x00d658    0x1f  dc_util.o [4]
  .near.rodata       const    0x00d677    0x1e  main.o [1]
  .near.rodata       const    0x00d695    0x1e  main.o [1]
  .near_func.text    ro code  0x00d6b3    0x1e  sscanf.o [4]
  .near_func.text    ro code  0x00d6d1    0x1e  init_small.o [4]
  .near.rodata       const    0x00d6ef    0x1d  stm8l15x_it.o [1]
  .near_func.text    ro code  0x00d70c    0x1d  stm8l15x_exti.o [1]
  .near_func.text    ro code  0x00d729    0x1d  printf.o [4]
  .near_func.text    ro code  0x00d746    0x1c  stm8l15x_rtc.o [1]
  .near_func.text    ro code  0x00d762    0x1c  strpbrk.o [4]
  .near.rodata       const    0x00d77e    0x1b  board.o [1]
  .near.rodata       const    0x00d799    0x1b  lora.o [1]
  .near.rodata       const    0x00d7b4    0x1b  main.o [1]
  .near.rodata       const    0x00d7cf    0x1b  main.o [1]
  .near.rodata       const    0x00d7ea    0x1b  main.o [1]
  .near_func.text    ro code  0x00d805    0x1b  lora.o [1]
  .near_func.text    ro code  0x00d820    0x1b  xprout.o [4]
  .near_func.text    ro code  0x00d83b    0x1a  stm8l15x_spi.o [1]
  .near_func.text    ro code  0x00d855    0x1a  stm8l15x_tim2.o [1]
  .near.rodata       const    0x00d86f    0x19  main.o [1]
  .near_func.text    ro code  0x00d888    0x19  stm8l15x_spi.o [1]
  .near.rodata       const    0x00d8a1    0x18  main.o [1]
  .near.rodata       const    0x00d8b9    0x18  xdtento.o [4]
  .near.rodata       const    0x00d8d1    0x17  main.o [1]
  .near.rodata       const    0x00d8e8    0x17  main.o [1]
  .near.rodata       const    0x00d8ff    0x17  main.o [1]
  .near_func.text    ro code  0x00d916    0x17  stm8l15x_rtc.o [1]
  .near_func.text    ro code  0x00d92d    0x16  main.o [1]
  .near_func.text    ro code  0x00d943    0x16  memset.o [4]
  .near.rodata       const    0x00d959    0x15  lora.o [1]
  .near_func.text    ro code  0x00d96e    0x15  strchr.o [4]
  .near_func.text    ro code  0x00d983    0x15  isxxx.o [4]
  .near.rodata       const    0x00d998    0x14  main.o [1]
  .near_func.text    ro code  0x00d9ac    0x14  init.o [4]
  .near_func.text    ro code  0x00d9c0    0x14  xprintffull_nomb.o [4]
  .near_func.text    ro code  0x00d9d4    0x14  __dbg_xxexit.o [3]
  .near.rodata       const    0x00d9e8    0x13  main.o [1]
  .near_func.text    ro code  0x00d9fb    0x13  main.o [1]
  .near_func.text    ro code  0x00da0e    0x13  stm8l15x_clk.o [1]
  .near_func.text    ro code  0x00da21    0x13  stm8l15x_rtc.o [1]
  .near_func.text    ro code  0x00da34    0x13  cstartup.o [4]
  .near.rodata       const    0x00da47    0x12  main.o [1]
  .near.rodata       const    0x00da59    0x12  main.o [1]
  .near.rodata       const    0x00da6b    0x11  main.o [1]
  .near.rodata       const    0x00da7c    0x10  main.o [1]
  .near.rodata       const    0x00da8c    0x10  main.o [1]
  .near_func.text    ro code  0x00da9c    0x10  isdigit.o [4]
  .near.rodata       const    0x00daac     0xf  board.o [1]
  .near.rodata       const    0x00dabb     0xf  main.o [1]
  .near.rodata       const    0x00daca     0xf  stm8l15x_it.o [1]
  .near.rodata       const    0x00dad9     0xe  main.o [1]
  .near.rodata       const    0x00dae7     0xe  stm8l15x_it.o [1]
  .near_func.text    ro code  0x00daf5     0xe  xstoflt.o [4]
  .near.rodata       const    0x00db03     0xd  main.o [1]
  .near.rodata       const    0x00db10     0xd  main.o [1]
  .near.rodata       const    0x00db1d     0xd  main.o [1]
  .near.rodata       const    0x00db2a     0xd  main.o [1]
  .near.rodata       const    0x00db37     0xd  main.o [1]
  .near_func.text    ro code  0x00db44     0xd  stm8l15x_clk.o [1]
  .near_func.text    ro code  0x00db51     0xd  stm8l15x_tim2.o [1]
  .near_func.text    ro code  0x00db5e     0xd  stm8l15x_tim2.o [1]
  .near_func.text    ro code  0x00db6b     0xd  move.o [4]
  .near_func.text    ro code  0x00db78     0xd  strlen.o [4]
  .near.rodata       const    0x00db85     0xc  main.o [1]
  .near_func.text    ro code  0x00db91     0xc  switch.o [4]
  .near_func.text    ro code  0x00db9d     0xc  xprintffull_nomb.o [4]
  .near_func.text    ro code  0x00dba9     0xc  xdtento.o [4]
  .near_func.text    ro code  0x00dbb5     0xb  xprintffull_nomb.o [4]
  .near_func.text    ro code  0x00dbc0     0xb  xprintffull_nomb.o [4]
  .near_func.text    ro code  0x00dbcb     0xb  xprintffull_nomb.o [4]
  .near_func.text    ro code  0x00dbd6     0xb  xsprout.o [4]
  .near_func.text    ro code  0x00dbe1     0xb  xscanffull_nomb.o [4]
  .near.rodata       const    0x00dbec     0xa  main.o [1]
  .near.rodata       const    0x00dbf6     0xa  main.o [1]
  .near.rodata       const    0x00dc00     0xa  main.o [1]
  .near_func.text    ro code  0x00dc0a     0xa  stm8l15x_clk.o [1]
  .near_func.text    ro code  0x00dc14     0xa  xprintffull_nomb.o [4]
  .near_func.text    ro code  0x00dc1e     0xa  xscanffull_nomb.o [4]
  .near_func.text    ro code  0x00dc28     0xa  xscanffull_nomb.o [4]
  .near.rodata       const    0x00dc32     0x9  main.o [1]
  .near.rodata       const    0x00dc3b     0x9  main.o [1]
  .near_func.text    ro code  0x00dc44     0x9  main.o [1]
  .near_func.text    ro code  0x00dc4d     0x9  xprintffull_nomb.o [4]
  .near_func.text    ro code  0x00dc56     0x9  xprintffull_nomb.o [4]
  .near_func.text    ro code  0x00dc5f     0x9  xprintffull_nomb.o [4]
  .near_func.text    ro code  0x00dc68     0x9  xscanffull_nomb.o [4]
  .near_func.text    ro code  0x00dc71     0x9  xstoflt.o [4]
  .near_func.text    ro code  0x00dc7a     0x9  xdtento.o [4]
  .near.rodata       const    0x00dc83     0x8  helper.o [1]
  .near.rodata       const    0x00dc8b     0x8  main.o [1]
  .near.rodata       const    0x00dc93     0x8  main.o [1]
  .near_func.text    ro code  0x00dc9b     0x8  main.o [1]
  .near_func.text    ro code  0x00dca3     0x8  xprintffull_nomb.o [4]
  .near_func.text    ro code  0x00dcab     0x8  xprintffull_nomb.o [4]
  .near_func.text    ro code  0x00dcb3     0x8  xprintffull_nomb.o [4]
  .near_func.text    ro code  0x00dcbb     0x8  xprintffull_nomb.o [4]
  .near_func.text    ro code  0x00dcc3     0x8  xscanffull_nomb.o [4]
  .near_func.text    ro code  0x00dccb     0x8  xstoflt.o [4]
  .near.rodata       const    0x00dcd3     0x7  main.o [1]
  .near.rodata       const    0x00dcda     0x7  main.o [1]
  .near.rodata       const    0x00dce1     0x7  stm8l15x_it.o [1]
  .near.rodata       const    0x00dce8     0x7  xprintffull_nomb.o [4]
  .near.rodata       const    0x00dcef     0x7  xscanffull_nomb.o [4]
  .near_func.text    ro code  0x00dcf6     0x7  stm8l15x_gpio.o [1]
  .near_func.text    ro code  0x00dcfd     0x7  stm8l15x_gpio.o [1]
  .near_func.text    ro code  0x00dd04     0x7  xprintffull_nomb.o [4]
  .near_func.text    ro code  0x00dd0b     0x7  xprintffull_nomb.o [4]
  .near_func.text    ro code  0x00dd12     0x7  xscanffull_nomb.o [4]
  .near_func.text    ro code  0x00dd19     0x7  xscanffull_nomb.o [4]
  .near_func.text    ro code  0x00dd20     0x7  xscanffull_nomb.o [4]
  .near_func.text    ro code  0x00dd27     0x7  xscanffull_nomb.o [4]
  .near_func.text    ro code  0x00dd2e     0x7  xscanffull_nomb.o [4]
  .near_func.text    ro code  0x00dd35     0x7  xstoflt.o [4]
  .near_func.text    ro code  0x00dd3c     0x7  xdtento.o [4]
  .near.rodata       const    0x00dd43     0x6  helper.o [1]
  .near.rodata       const    0x00dd49     0x6  main.o [1]
  .near.rodata       const    0x00dd4f     0x6  stm8l15x_it.o [1]
  .near_func.text    ro code  0x00dd55     0x6  xprintffull_nomb.o [4]
  .near_func.text    ro code  0x00dd5b     0x6  xprintffull_nomb.o [4]
  .near_func.text    ro code  0x00dd61     0x6  xprintffull_nomb.o [4]
  .near_func.text    ro code  0x00dd67     0x6  xprintffull_nomb.o [4]
  .near_func.text    ro code  0x00dd6d     0x6  xprintffull_nomb.o [4]
  .near_func.text    ro code  0x00dd73     0x6  xscanffull_nomb.o [4]
  .near_func.text    ro code  0x00dd79     0x6  xscanffull_nomb.o [4]
  .near_func.text    ro code  0x00dd7f     0x6  xscanffull_nomb.o [4]
  .near_func.text    ro code  0x00dd85     0x6  xscanffull_nomb.o [4]
  .near_func.text    ro code  0x00dd8b     0x6  xscanffull_nomb.o [4]
  .near_func.text    ro code  0x00dd91     0x6  xscanffull_nomb.o [4]
  .near_func.text    ro code  0x00dd97     0x6  xstoflt.o [4]
  .near.rodata       const    0x00dd9d     0x5  main.o [1]
  .near.rodata       const    0x00dda2     0x5  stm8l15x_clk.o [1]
  .near.rodata       const    0x00dda7     0x5  xscanffull_nomb.o [4]
  .near_func.text    ro code  0x00ddac     0x5  board.o [1]
  .near_func.text    ro code  0x00ddb1     0x5  stm8l15x_tim2.o [1]
  .near_func.text    ro code  0x00ddb6     0x5  stm8l15x_usart.o [1]
  .near_func.text    ro code  0x00ddbb     0x5  stm8l15x_wwdg.o [1]
  .near_func.text    ro code  0x00ddc0     0x5  char.o [4]
  .near_func.text    ro code  0x00ddc5     0x5  xprintffull_nomb.o [4]
  .near_func.text    ro code  0x00ddca     0x5  cexit.o [4]
  .near_func.text    ro code  0x00ddcf     0x5  xstopfx.o [4]
  .near.rodata       const    0x00ddd4     0x4  xprintffull_nomb.o [4]
  .near.rodata       const    0x00ddd8     0x4  xprintffull_nomb.o [4]
  .near.rodata       const    0x00dddc     0x4  xprintffull_nomb.o [4]
  .near.rodata       const    0x00dde0     0x4  xprintffull_nomb.o [4]
  .near_func.text    ro code  0x00dde4     0x4  stm8l15x_clk.o [1]
  .near_func.text    ro code  0x00dde8     0x4  stm8l15x_clk.o [1]
  .near_func.text    ro code  0x00ddec     0x4  stm8l15x_clk.o [1]
  .near_func.text    ro code  0x00ddf0     0x4  stm8l15x_gpio.o [1]
  .near_func.text    ro code  0x00ddf4     0x4  xscanffull_nomb.o [4]
  .near_func.text    ro code  0x00ddf8     0x4  xscanffull_nomb.o [4]
  Initializer bytes  const    0x00ddfc     0x4  <for P2-1>
  .near.rodata       const    0x00de00     0x3  helper.o [1]
  .near_func.text    ro code  0x00de03     0x3  helper.o [1]
  .near_func.text    ro code  0x00de06     0x3  helper.o [1]
  .near_func.text    ro code  0x00de09     0x3  main.o [1]
  .near_func.text    ro code  0x00de0c     0x3  stm8l15x_usart.o [1]
  .near_func.text    ro code  0x00de0f     0x3  stm8l15x_usart.o [1]
  .near_func.text    ro code  0x00de12     0x3  interrupt.o [4]
  .near_func.text    ro code  0x00de15     0x3  low_level_init.o [4]
  .near_func.text    ro code  0x00de18     0x3  exit.o [4]
  .near_func.text    ro code  0x00de1b     0x3  unhandled_exception.o [4]
  .near_func.text    ro code  0x00de1e     0x3  memchr.o [4]
  .near.rodata       const    0x00de21     0x2  main.o [1]
  .near.rodata       const    0x00de23     0x2  xprintffull_nomb.o [4]
  .near_func.text    ro code  0x00de25     0x1  stm8l15x_it.o [1]
  .near_func.text    ro code  0x00de26     0x1  stm8l15x_it.o [1]
  .near_func.text    ro code  0x00de27     0x1  stm8l15x_it.o [1]
  .near_func.text    ro code  0x00de28     0x1  stm8l15x_it.o [1]
  .near_func.text    ro code  0x00de29     0x1  stm8l15x_it.o [1]
  .near_func.text    ro code  0x00de2a     0x1  stm8l15x_it.o [1]
  .near_func.text    ro code  0x00de2b     0x1  stm8l15x_it.o [1]
  .near_func.text    ro code  0x00de2c     0x1  stm8l15x_it.o [1]
  .near_func.text    ro code  0x00de2d     0x1  stm8l15x_it.o [1]
  .near_func.text    ro code  0x00de2e     0x1  stm8l15x_it.o [1]
  .near_func.text    ro code  0x00de2f     0x1  stm8l15x_it.o [1]
  .near_func.text    ro code  0x00de30     0x1  stm8l15x_it.o [1]
  .near_func.text    ro code  0x00de31     0x1  stm8l15x_it.o [1]
  .near_func.text    ro code  0x00de32     0x1  stm8l15x_it.o [1]
  .near_func.text    ro code  0x00de33     0x1  stm8l15x_it.o [1]
  .near_func.text    ro code  0x00de34     0x1  stm8l15x_it.o [1]
  .near_func.text    ro code  0x00de35     0x1  stm8l15x_it.o [1]
  .near_func.text    ro code  0x00de36     0x1  stm8l15x_it.o [1]
  .near_func.text    ro code  0x00de37     0x1  stm8l15x_it.o [1]
  .near_func.text    ro code  0x00de38     0x1  stm8l15x_it.o [1]
  .near_func.text    ro code  0x00de39     0x1  stm8l15x_it.o [1]
  .near_func.text    ro code  0x00de3a     0x1  stm8l15x_it.o [1]
  .near_func.text    ro code  0x00de3b     0x1  stm8l15x_it.o [1]
  .near_func.text    ro code  0x00de3c     0x1  __dbg_break.o [3]
                            - 0x00de3d  0x5dbd


*******************************************************************************
*** INIT TABLE
***

          Address   Size
          -------   ----
Zero (__iar_zero_init2)
    1 destination range, total size 0x1c6:
          0x000014  0x1c6

Copy (__iar_copy_init2)
    1 source range, total size 0x4:
          0x00ddfc    0x4
    1 destination range, total size 0x4:
          0x000010    0x4



*******************************************************************************
*** MODULE SUMMARY
***

    Module                 ro code  ro data  rw data
    ------                 -------  -------  -------
D:\24gdolphin\TestCode\node_code-DTU485\Debug\Obj: [1]
    board.o                  1 168       42
    helper.o                   287       17
    lora.o                   1 330       49      118
    main.o                   2 326    1 327      307
    stm8l15x_clk.o             457        5
    stm8l15x_exti.o            364
    stm8l15x_gpio.o            204
    stm8l15x_it.o              508       71       31
    stm8l15x_itc.o             275
    stm8l15x_rtc.o             532
    stm8l15x_spi.o             116
    stm8l15x_tim2.o            194
    stm8l15x_usart.o           642
    stm8l15x_wwdg.o              5
    sx1276-LoRaMisc.o        1 151
    w25q.o                     409
    ------------------------------------------------
    Total:                   9 968    1 511      456

command line: [2]
    ------------------------------------------------
    Total:

dbgstm8smd.a: [3]
    __dbg_break.o                1
    __dbg_xxexit.o              20
    ------------------------------------------------
    Total:                      21

dlstm8smn.a: [4]
    cexit.o                      5
    char.o                       5
    cstartup.o                  19
    dc_util.o                   31
    div.o                       48
    errno.o                                        2
    exit.o                       3
    float.o                  1 151
    float_libsup.o             353
    init.o                      20
    init_small.o                70
    interrupt.o                  3      128
    isalnum.o                   36
    isdigit.o                   16
    isxxx.o                     21
    long.o                     579
    long_util.o                144
    low_level_init.o             3
    memchr.o                    36
    memcpy.o                    31
    memset.o                    22
    move.o                      13
    printf.o                    29
    short.o                     91
    sprintf.o                   61
    sscanf.o                    30
    strchr.o                    21
    strlen.o                    13
    strpbrk.o                   28
    strstr.o                    89
    switch.o                    12
    unhandled_exception.o        3
    vreg_util.o                386
    vregs.o                                       16
    xdtento.o                  427       24
    xprintffull_nomb.o       3 900       85
    xprout.o                    27
    xscanffull_nomb.o        2 645       75
    xsprout.o                   11
    xsscin.o                    39
    xstoflt.o                  663
    xstol.o                    204
    xstold.o                   228
    xstopfx.o                  254
    xstoul.o                   451       74
    ------------------------------------------------
    Total:                  12 221      386       18

    Linker created                       18      256
----------------------------------------------------
    Grand Total:            22 210    1 915      730


*******************************************************************************
*** ENTRY LIST
***

Entry                    Address   Size  Type      Object
-----                    -------   ----  ----      ------
.iar.init_table$$Base   0x00d589          --   Gb  - Linker created -
.iar.init_table$$Limit  0x00d59b          --   Gb  - Linker created -
?add32_l0_l0_0x         0x009c53         Code  Gb  long.o [4]
?add32_l0_l0_dl         0x009c4b         Code  Gb  long.o [4]
?add32_l0_l0_l1         0x009c50         Code  Gb  long.o [4]
?and32_l0_l0_0x         0x009df3         Code  Gb  long.o [4]
?and32_l0_l0_l1         0x009df0         Code  Gb  long.o [4]
?b0                     0x000000         Data  Gb  vregs.o [4]
?b1                     0x000001         Data  Gb  vregs.o [4]
?b10                    0x00000a         Data  Gb  vregs.o [4]
?b11                    0x00000b         Data  Gb  vregs.o [4]
?b12                    0x00000c         Data  Gb  vregs.o [4]
?b13                    0x00000d         Data  Gb  vregs.o [4]
?b14                    0x00000e         Data  Gb  vregs.o [4]
?b15                    0x00000f         Data  Gb  vregs.o [4]
?b2                     0x000002         Data  Gb  vregs.o [4]
?b3                     0x000003         Data  Gb  vregs.o [4]
?b4                     0x000004         Data  Gb  vregs.o [4]
?b5                     0x000005         Data  Gb  vregs.o [4]
?b6                     0x000006         Data  Gb  vregs.o [4]
?b7                     0x000007         Data  Gb  vregs.o [4]
?b8                     0x000008         Data  Gb  vregs.o [4]
?b9                     0x000009         Data  Gb  vregs.o [4]
?dc32_l1                0x00d65f         Code  Gb  dc_util.o [4]
?dc32_px                0x00d66c         Code  Gb  dc_util.o [4]
?dc8_px                 0x00d658         Code  Gb  dc_util.o [4]
?dec32_0x_0x            0x009c37         Code  Gb  long.o [4]
?dec32_l0_l0            0x009c2d         Code  Gb  long.o [4]
?dec32_l2_l2            0x009c32         Code  Gb  long.o [4]
?e0                     0x000001         Data  Gb  vregs.o [4]
?e1                     0x000005         Data  Gb  vregs.o [4]
?e2                     0x000009         Data  Gb  vregs.o [4]
?e3                     0x00000d         Data  Gb  vregs.o [4]
?epilogue_l2            0x00a859         Code  Gb  vreg_util.o [4]
?epilogue_l2_l3         0x00a856         Code  Gb  vreg_util.o [4]
?epilogue_l2_w6         0x00a85d         Code  Gb  vreg_util.o [4]
?epilogue_w4            0x00a864         Code  Gb  vreg_util.o [4]
?fadd32_l0_l0_l1        0x0080a3         Code  Gb  float.o [4]
?fcastf32s32_l0_l0      0x0083ae         Code  Gb  float.o [4]
?fcastf32u32_l0_l0      0x0083b9         Code  Gb  float.o [4]
?fcasts32f32_l0_l0      0x00834d         Code  Gb  float.o [4]
?fcastu32f32_l0_l0      0x008336         Code  Gb  float.o [4]
?fcmpeq32_c_0x_fzero    0x0082ca         Code  Gb  float.o [4]
?fcmpeq32_c_l0_fzero    0x0082c7         Code  Gb  float.o [4]
?fcmpge32_c_l0_0x       0x0082d7         Code  Gb  float.o [4]
?fcmpge32_c_l0_dc32     0x0082d2         Code  Gb  float.o [4]
?fcmplt32_c_l0_0x       0x0082e0         Code  Gb  float.o [4]
?fcmplt32_c_l0_dc32     0x0082db         Code  Gb  float.o [4]
?fdiv32_l0_l0_dc32      0x008214         Code  Gb  float.o [4]
?fdiv32_l0_l0_l1        0x008219         Code  Gb  float.o [4]
?fmul32_l0_l0_0x        0x008176         Code  Gb  float.o [4]
?fmul32_l0_l0_dc32      0x008171         Code  Gb  float.o [4]
?fmul32_l0_l0_l1        0x008179         Code  Gb  float.o [4]
?fsub32_l0_l0_l1        0x00809d         Code  Gb  float.o [4]
?inc32_0x_0x            0x009c1f         Code  Gb  long.o [4]
?inc32_l0_l0            0x009c1a         Code  Gb  long.o [4]
?l0                     0x000000         Data  Gb  vregs.o [4]
?l1                     0x000004         Data  Gb  vregs.o [4]
?l2                     0x000008         Data  Gb  vregs.o [4]
?l3                     0x00000c         Data  Gb  vregs.o [4]
?load32_0x_l0           0x00c23d         Code  Gb  long_util.o [4]
?load32_0x_l1           0x00c24b         Code  Gb  long_util.o [4]
?load32_0x_l2           0x00c26a         Code  Gb  long_util.o [4]
?load32_asp_l0          0x00c231         Code  Gb  long_util.o [4]
?load32_asp_l2          0x00c25e         Code  Gb  long_util.o [4]
?load32_dbsp_l0         0x00c22c         Code  Gb  long_util.o [4]
?load32_dbsp_l2         0x00c259         Code  Gb  long_util.o [4]
?load32_l0_0x           0x00c1f8         Code  Gb  long_util.o [4]
?load32_l0_asp          0x00c1ed         Code  Gb  long_util.o [4]
?load32_l0_dbsp         0x00c1e8         Code  Gb  long_util.o [4]
?load32_l0_xsp          0x00c1ef         Code  Gb  long_util.o [4]
?load32_l1_0x           0x00c214         Code  Gb  long_util.o [4]
?load32_l1_asp          0x00c209         Code  Gb  long_util.o [4]
?load32_l1_dbsp         0x00c204         Code  Gb  long_util.o [4]
?load32_l1_xsp          0x00c20b         Code  Gb  long_util.o [4]
?load32_l2_0x           0x00c220         Code  Gb  long_util.o [4]
?load32_xsp_l0          0x00c233         Code  Gb  long_util.o [4]
?load32_xsp_l2          0x00c260         Code  Gb  long_util.o [4]
?mov_e0_e1              0x00a8c6         Code  Gb  vreg_util.o [4]
?mov_e0_e2              0x00a8d3         Code  Gb  vreg_util.o [4]
?mov_e1_e0              0x00a8e0         Code  Gb  vreg_util.o [4]
?mov_e1_e2              0x00a8ed         Code  Gb  vreg_util.o [4]
?mov_e2_e0              0x00a901         Code  Gb  vreg_util.o [4]
?mov_e2_e1              0x00a90e         Code  Gb  vreg_util.o [4]
?mov_e3_e0              0x00a91b         Code  Gb  vreg_util.o [4]
?mov_l0_l1              0x00a8c3         Code  Gb  vreg_util.o [4]
?mov_l0_l2              0x00a8d0         Code  Gb  vreg_util.o [4]
?mov_l1_l0              0x00a8dd         Code  Gb  vreg_util.o [4]
?mov_l1_l2              0x00a8ea         Code  Gb  vreg_util.o [4]
?mov_l2_l0              0x00a8fe         Code  Gb  vreg_util.o [4]
?mov_l2_l1              0x00a90b         Code  Gb  vreg_util.o [4]
?mov_l3_l0              0x00a918         Code  Gb  vreg_util.o [4]
?mov_w0_w2              0x00a868         Code  Gb  vreg_util.o [4]
?mov_w0_w4              0x00a86f         Code  Gb  vreg_util.o [4]
?mov_w0_w5              0x00a876         Code  Gb  vreg_util.o [4]
?mov_w1_w3              0x00a8c9         Code  Gb  vreg_util.o [4]
?mov_w1_w4              0x00a87d         Code  Gb  vreg_util.o [4]
?mov_w1_w5              0x00a8d6         Code  Gb  vreg_util.o [4]
?mov_w2_w0              0x00a884         Code  Gb  vreg_util.o [4]
?mov_w2_w1              0x00a88b         Code  Gb  vreg_util.o [4]
?mov_w2_w4              0x00a892         Code  Gb  vreg_util.o [4]
?mov_w3_w1              0x00a8e3         Code  Gb  vreg_util.o [4]
?mov_w3_w5              0x00a8f0         Code  Gb  vreg_util.o [4]
?mov_w3_w7              0x00a8f7         Code  Gb  vreg_util.o [4]
?mov_w4_w0              0x00a899         Code  Gb  vreg_util.o [4]
?mov_w4_w1              0x00a8a0         Code  Gb  vreg_util.o [4]
?mov_w4_w2              0x00a8a7         Code  Gb  vreg_util.o [4]
?mov_w4_w5              0x00a8ae         Code  Gb  vreg_util.o [4]
?mov_w5_w0              0x00a8b5         Code  Gb  vreg_util.o [4]
?mov_w5_w1              0x00a904         Code  Gb  vreg_util.o [4]
?mov_w5_w3              0x00a911         Code  Gb  vreg_util.o [4]
?mov_w7_w1              0x00a91e         Code  Gb  vreg_util.o [4]
?mov_w7_w6              0x00a8bc         Code  Gb  vreg_util.o [4]
?move1616_v_x_y_a       0x00db6b         Code  Gb  move.o [4]
?mul16_x_x_w0           0x00c6e8         Code  Gb  short.o [4]
?mul32_l0_l0_0x         0x009c89         Code  Gb  long.o [4]
?mul32_l0_l0_dl         0x009c86         Code  Gb  long.o [4]
?mul32_l0_l0_l1         0x009c92         Code  Gb  long.o [4]
?neg32_l0_l0            0x009c0a         Code  Gb  long.o [4]
?pop_l0                 0x00a822         Code  Gb  vreg_util.o [4]
?pop_l1                 0x00a82d         Code  Gb  vreg_util.o [4]
?pop_l2                 0x00a838         Code  Gb  vreg_util.o [4]
?pop_l3                 0x00a843         Code  Gb  vreg_util.o [4]
?pop_w4                 0x00a7d4         Code  Gb  vreg_util.o [4]
?pop_w6                 0x00a7db         Code  Gb  vreg_util.o [4]
?pop_w7                 0x00a7e2         Code  Gb  vreg_util.o [4]
?push_l0                0x00a7f1         Code  Gb  vreg_util.o [4]
?push_l1                0x00a7f6         Code  Gb  vreg_util.o [4]
?push_l2                0x00a7fb         Code  Gb  vreg_util.o [4]
?push_l3                0x00a800         Code  Gb  vreg_util.o [4]
?push_w0                0x00a7a3         Code  Gb  vreg_util.o [4]
?push_w1                0x00a7a8         Code  Gb  vreg_util.o [4]
?push_w2                0x00a7ad         Code  Gb  vreg_util.o [4]
?push_w4                0x00a7b2         Code  Gb  vreg_util.o [4]
?push_w6                0x00a7b7         Code  Gb  vreg_util.o [4]
?push_w7                0x00a7bc         Code  Gb  vreg_util.o [4]
?scmp32_c_l0_l1         0x009dd9         Code  Gb  long.o [4]
?sdiv16_x_x_y           0x00c706         Code  Gb  short.o [4]
?sdiv32_l0_l0_dl        0x009d85         Code  Gb  long.o [4]
?sdiv32_l0_l0_l1        0x009d88         Code  Gb  long.o [4]
?sext16_x_a             0x00c73c         Code  Gb  short.o [4]
?sext32_l0_a            0x009e40         Code  Gb  long.o [4]
?sext32_l0_x            0x009e35         Code  Gb  long.o [4]
?sll16_x_x_a            0x00c72f         Code  Gb  short.o [4]
?sll8_a_a_5             0x00ddc0         Code  Gb  char.o [4]
?smod16_y_x_y           0x00c71f         Code  Gb  short.o [4]
?smod32_l1_l0_l1        0x009d88         Code  Gb  long.o [4]
?sra32_0x_0x_a          0x009e27         Code  Gb  long.o [4]
?sra32_l0_l0_a          0x009e24         Code  Gb  long.o [4]
?sra32_l0_l0_db         0x009e20         Code  Gb  long.o [4]
?srl16_x_x_4            0x00c737         Code  Gb  short.o [4]
?srl32_0x_0x_a          0x009e12         Code  Gb  long.o [4]
?srl32_l0_l0_a          0x009e0f         Code  Gb  long.o [4]
?srl32_l0_l0_db         0x009e0b         Code  Gb  long.o [4]
?sub32_l0_l0_0x         0x009c6e         Code  Gb  long.o [4]
?sub32_l0_l0_l1         0x009c6b         Code  Gb  long.o [4]
?switch8vlt_0x_a_0x     0x00db91         Code  Gb  switch.o [4]
?ucmp32_c_l0_l1         0x009dce         Code  Gb  long.o [4]
?udiv32_l0_l0_dl        0x009d15         Code  Gb  long.o [4]
?udiv32_l0_l0_l1        0x009d18         Code  Gb  long.o [4]
?umod32_l1_l0_dl        0x009d10         Code  Gb  long.o [4]
?umod32_l1_l0_l1        0x009d18         Code  Gb  long.o [4]
?w0                     0x000000         Data  Gb  vregs.o [4]
?w1                     0x000002         Data  Gb  vregs.o [4]
?w2                     0x000004         Data  Gb  vregs.o [4]
?w3                     0x000006         Data  Gb  vregs.o [4]
?w4                     0x000008         Data  Gb  vregs.o [4]
?w5                     0x00000a         Data  Gb  vregs.o [4]
?w6                     0x00000c         Data  Gb  vregs.o [4]
?w7                     0x00000e         Data  Gb  vregs.o [4]
ADC1_COMP_IRQHandler    0x00de33    0x1  Code  Gb  stm8l15x_it.o [1]
Acq_485Recv_Buf         0x000014   0x80  Data  Gb  main.o [1]
Acq_485Recv_Buf_Len     0x0001d6    0x1  Data  Gb  main.o [1]
ByteToBcd2              0x00d746   0x1c  Code  Lc  stm8l15x_rtc.o [1]
CLK_GetClockFreq        0x00c413   0x72  Code  Gb  stm8l15x_clk.o [1]
CLK_GetFlagStatus       0x00c0bc   0x98  Code  Gb  stm8l15x_clk.o [1]
CLK_GetSYSCLKSource     0x00dde8    0x4  Code  Gb  stm8l15x_clk.o [1]
CLK_LSEConfig           0x00da0e   0x13  Code  Gb  stm8l15x_clk.o [1]
CLK_PeripheralClockConfig
                        0x00c306   0x89  Code  Gb  stm8l15x_clk.o [1]
CLK_RTCClockConfig      0x00dc0a    0xa  Code  Gb  stm8l15x_clk.o [1]
CLK_SYSCLKDivConfig     0x00ddec    0x4  Code  Gb  stm8l15x_clk.o [1]
CLK_SYSCLKSourceConfig  0x00dde4    0x4  Code  Gb  stm8l15x_clk.o [1]
CLK_SYSCLKSourceSwitchCmd
                        0x00db44    0xd  Code  Gb  stm8l15x_clk.o [1]
CSTACK$$Base            0x000f00          --   Gb  - Linker created -
CSTACK$$Limit           0x001000          --   Gb  - Linker created -
CheckCrc                0x00cd28   0x3e  Code  Gb  helper.o [1]
DMA1_CHANNEL0_1_IRQHandler
                        0x00de27    0x1  Code  Gb  stm8l15x_it.o [1]
DMA1_CHANNEL2_3_IRQHandler
                        0x00de28    0x1  Code  Gb  stm8l15x_it.o [1]
DTUSysConfig            0x0001bb    0xa  Data  Gb  main.o [1]
Delayms                 0x00d3ea   0x24  Code  Gb  board.o [1]
Delayus                 0x00ddac    0x5  Code  Gb  board.o [1]
EXTI0_IRQHandler        0x00ced3   0x3a  Code  Gb  stm8l15x_it.o [1]
EXTI1_IRQHandler        0x00ce1f   0x3c  Code  Gb  stm8l15x_it.o [1]
EXTI2_IRQHandler        0x00d1f8   0x29  Code  Gb  stm8l15x_it.o [1]
EXTI3_IRQHandler        0x00de2d    0x1  Code  Gb  stm8l15x_it.o [1]
EXTI4_IRQHandler        0x00de2e    0x1  Code  Gb  stm8l15x_it.o [1]
EXTI5_IRQHandler        0x00de2f    0x1  Code  Gb  stm8l15x_it.o [1]
EXTI6_IRQHandler        0x00de30    0x1  Code  Gb  stm8l15x_it.o [1]
EXTI7_IRQHandler        0x00d0b5   0x31  Code  Gb  stm8l15x_it.o [1]
EXTIB_G_IRQHandler      0x00de2b    0x1  Code  Gb  stm8l15x_it.o [1]
EXTID_H_IRQHandler      0x00de2c    0x1  Code  Gb  stm8l15x_it.o [1]
EXTIE_F_PVD_IRQHandler  0x00de2a    0x1  Code  Gb  stm8l15x_it.o [1]
EXTI_ClearITPendingBit  0x00d526   0x21  Code  Gb  stm8l15x_exti.o [1]
EXTI_DeInit             0x00d505   0x21  Code  Gb  stm8l15x_exti.o [1]
EXTI_GetITStatus        0x00d70c   0x1d  Code  Gb  stm8l15x_exti.o [1]
EXTI_SetPinSensitivity  0x00b644  0x10d  Code  Gb  stm8l15x_exti.o [1]
FLASH_IRQHandler        0x00de26    0x1  Code  Gb  stm8l15x_it.o [1]
GPIO_ExternalPullUpConfig
                        0x00d1a0   0x2c  Code  Gb  stm8l15x_gpio.o [1]
GPIO_Init               0x00c278   0x8e  Code  Gb  stm8l15x_gpio.o [1]
GPIO_ReadInputDataBit   0x00dcfd    0x7  Code  Gb  stm8l15x_gpio.o [1]
GPIO_ResetBits          0x00ddf0    0x4  Code  Gb  stm8l15x_gpio.o [1]
GPIO_SetBits            0x00dcf6    0x7  Code  Gb  stm8l15x_gpio.o [1]
I2C1_SPI2_IRQHandler    0x00de3b    0x1  Code  Gb  stm8l15x_it.o [1]
INTVEC$$Base            0x008000          --   Gb  - Linker created -
INTVEC$$Limit           0x008080          --   Gb  - Linker created -
ITC_SetSoftwarePriority
                        0x00b424  0x113  Code  Gb  stm8l15x_itc.o [1]
LCD_AES_IRQHandler      0x00de31    0x1  Code  Gb  stm8l15x_it.o [1]
LoRaSettings            0x0001a2   0x19  Data  Gb  main.o [1]
LoRaSettings_Buf        0x00b751   0xfa  Data  Gb  main.o [1]
LoadInt                 0x00cc69   0x41  Code  Lc  xprintffull_nomb.o [4]
LoraRecvBuffer          0x000094   0x80  Data  Gb  main.o [1]
RS485_Recv_Countoverflag
                        0x0001d8    0x1  Data  Gb  main.o [1]
RS485_Recv_Countvalue   0x0001cd    0x2  Data  Gb  main.o [1]
RS485_Recv_Countvalue_max
                        0x000011    0x2  Data  Gb  main.o [1]
RS485_Recv_Timerflag    0x0001d7    0x1  Data  Gb  main.o [1]
RTC_CSSLSE_IRQHandler   0x00de29    0x1  Code  Gb  stm8l15x_it.o [1]
RTC_DateStructInit      0x00d916   0x17  Code  Gb  stm8l15x_rtc.o [1]
RTC_EnterInitMode       0x00d4c1   0x22  Code  Gb  stm8l15x_rtc.o [1]
RTC_Init                0x00c68d   0x5b  Code  Gb  stm8l15x_rtc.o [1]
RTC_SetDate             0x00c023   0x99  Code  Gb  stm8l15x_rtc.o [1]
RTC_SetTime             0x00c38f   0x84  Code  Gb  stm8l15x_rtc.o [1]
RTC_TimeStructInit      0x00da21   0x13  Code  Gb  stm8l15x_rtc.o [1]
RTC_WaitForSynchro      0x00cfe9   0x34  Code  Gb  stm8l15x_rtc.o [1]
Region$$Table$$Base     0x00d589          --   Gb  - Linker created -
Region$$Table$$Limit    0x00d59b          --   Gb  - Linker created -
RunCountPrintf          0x00d92d   0x16  Code  Lc  main.o [1]
RunCountRest            0x00dc44    0x9  Code  Lc  main.o [1]
RxPacketRssiValue       0x0001cb    0x2  Data  Lc  lora.o [1]
SPI1_IRQHandler         0x00de39    0x1  Code  Gb  stm8l15x_it.o [1]
SPI_Cmd                 0x00d83b    0xd  Code  Gb  stm8l15x_spi.o [1]
SPI_GetFlagStatus       0x00d888   0x19  Code  Gb  stm8l15x_spi.o [1]
SPI_Init                0x00cbe7   0x41  Code  Gb  stm8l15x_spi.o [1]
SPI_ReceiveData         0x00d850    0x5  Code  Gb  stm8l15x_spi.o [1]
SPI_SendData            0x00d848    0x8  Code  Gb  stm8l15x_spi.o [1]
SWITCH_CSS_BREAK_DAC_IRQHandler
                        0x00de32    0x1  Code  Gb  stm8l15x_it.o [1]
SX1276LR                0x0001c9    0x2  Data  Gb  lora.o [1]
SX1276LoRaInitIo        0x00949e    0xa  Code  Lc  lora.o [1]
SX1276LoRaReceive       0x00a925  0x181  Code  Gb  lora.o [1]
SX1276LoRaReset         0x00946d   0x31  Code  Lc  lora.o [1]
SX1276LoRaSend          0x00957a  0x105  Code  Gb  lora.o [1]
SX1276LoRaSetErrorCoding
                        0x00cc28   0x41  Code  Gb  sx1276-LoRaMisc.o [1]
SX1276LoRaSetImplicitHeaderOn
                        0x00ce5b   0x3c  Code  Gb  sx1276-LoRaMisc.o [1]
SX1276LoRaSetLowDatarateOptimize
                        0x00cda4   0x3e  Code  Gb  sx1276-LoRaMisc.o [1]
SX1276LoRaSetNbTrigPeaks
                        0x00cf7b   0x37  Code  Gb  sx1276-LoRaMisc.o [1]
SX1276LoRaSetOpMode     0x00942b   0x42  Code  Gb  lora.o [1]
SX1276LoRaSetOpMode::opModePrev
                        0x000010    0x1  Data  Lc  lora.o [1]
SX1276LoRaSetPAOutput   0x00cf44   0x37  Code  Gb  sx1276-LoRaMisc.o [1]
SX1276LoRaSetPa20dBm    0x00c79e   0x5a  Code  Gb  sx1276-LoRaMisc.o [1]
SX1276LoRaSetPacketCrcOn
                        0x00cba5   0x42  Code  Gb  sx1276-LoRaMisc.o [1]
SX1276LoRaSetPreambleLength
                        0x00cd66   0x3e  Code  Gb  sx1276-LoRaMisc.o [1]
SX1276LoRaSetRFFrequency
                        0x00cad9   0x46  Code  Gb  sx1276-LoRaMisc.o [1]
SX1276LoRaSetRFPower    0x00b2f2  0x132  Code  Gb  sx1276-LoRaMisc.o [1]
SX1276LoRaSetReceive    0x00967f   0x8d  Code  Gb  lora.o [1]
SX1276LoRaSetSignalBandwidth
                        0x00cb1f   0x43  Code  Gb  sx1276-LoRaMisc.o [1]
SX1276LoRaSetSpreadingFactor
                        0x00c4f6   0x6b  Code  Gb  sx1276-LoRaMisc.o [1]
SX1276LoRaSetSymbTimeout
                        0x00c954   0x56  Code  Gb  sx1276-LoRaMisc.o [1]
SX1276Read              0x00bf62    0xb  Code  Gb  lora.o [1]
SX1276ReadBuffer        0x00bec5   0x44  Code  Gb  lora.o [1]
SX1276ReadFifo          0x00bf74    0x6  Code  Gb  lora.o [1]
SX1276Regs              0x000114   0x70  Data  Gb  lora.o [1]
SX1276Write             0x00bf4d   0x15  Code  Gb  lora.o [1]
SX1276WriteBuffer       0x00bf09   0x44  Code  Gb  lora.o [1]
SX1276WriteFifo         0x00bf6d    0x7  Code  Gb  lora.o [1]
SYSDivFactor            0x00dda2    0x5  Data  Gb  stm8l15x_clk.o [1]
Sys_GeneralTimer_count  0x0001d1    0x2  Data  Gb  main.o [1]
TIM1_CC_IRQHandler      0x00de37    0x1  Code  Gb  stm8l15x_it.o [1]
TIM1_UPD_OVF_TRG_COM_IRQHandler
                        0x00de36    0x1  Code  Gb  stm8l15x_it.o [1]
TIM2_ARRPreloadConfig   0x00db51    0xd  Code  Gb  stm8l15x_tim2.o [1]
TIM2_CC_USART2_RX_IRQHandler
                        0x00c8fe   0x56  Code  Gb  stm8l15x_it.o [1]
TIM2_ClearITPendingBit  0x00ddb1    0x5  Code  Gb  stm8l15x_tim2.o [1]
TIM2_Cmd                0x00db5e    0xd  Code  Gb  stm8l15x_tim2.o [1]
TIM2_DeInit             0x00c5c6   0x65  Code  Gb  stm8l15x_tim2.o [1]
TIM2_ITConfig           0x00d855   0x1a  Code  Gb  stm8l15x_tim2.o [1]
TIM2_TimeBaseInit       0x00d456   0x24  Code  Gb  stm8l15x_tim2.o [1]
TIM2_UPD_OVF_TRG_BRK_USART2_TX_IRQHandler
                        0x00c485   0x71  Code  Gb  stm8l15x_it.o [1]
TIM3_CC_USART3_RX_IRQHandler
                        0x00de35    0x1  Code  Gb  stm8l15x_it.o [1]
TIM3_UPD_OVF_TRG_BRK_USART3_TX_IRQHandler
                        0x00de34    0x1  Code  Gb  stm8l15x_it.o [1]
TIM4_UPD_OVF_TRG_IRQHandler
                        0x00de38    0x1  Code  Gb  stm8l15x_it.o [1]
TRAP_IRQHandler         0x00de25    0x1  Code  Gb  stm8l15x_it.o [1]
USART1_RX_TIM5_CC_IRQHandler
                        0x00c9fd   0x4e  Code  Gb  stm8l15x_it.o [1]
USART1_TX_TIM5_UPD_OVF_TRG_BRK_IRQHandler
                        0x00de3a    0x1  Code  Gb  stm8l15x_it.o [1]
USART_ClearFlag         0x00ddb6    0x5  Code  Gb  stm8l15x_usart.o [1]
USART_Cmd               0x00d297   0x27  Code  Gb  stm8l15x_usart.o [1]
USART_DeInit            0x00d270   0x27  Code  Gb  stm8l15x_usart.o [1]
USART_GetFlagStatus     0x00d4e3   0x22  Code  Gb  stm8l15x_usart.o [1]
USART_GetITStatus       0x00bf7a   0xa9  Code  Gb  stm8l15x_usart.o [1]
USART_ITConfig          0x00c154   0x94  Code  Gb  stm8l15x_usart.o [1]
USART_Init              0x00baf4   0xca  Code  Gb  stm8l15x_usart.o [1]
USART_ReceiveData8      0x00de0c    0x3  Code  Gb  stm8l15x_usart.o [1]
USART_SendData8         0x00de0f    0x3  Code  Gb  stm8l15x_usart.o [1]
Uart1RecLen             0x0001d9    0x1  Data  Gb  stm8l15x_it.o [1]
Uart1_buffer            0x000184   0x1e  Data  Gb  stm8l15x_it.o [1]
W25Q_Erase_Sector       0x00acff   0x3d  Code  Gb  w25q.o [1]
W25Q_Read               0x00ad3c   0x52  Code  Gb  w25q.o [1]
W25Q_ReadSR             0x00d2be   0x27  Code  Gb  w25q.o [1]
W25Q_Wait_Busy          0x00ac1c    0xa  Code  Gb  w25q.o [1]
W25Q_Write              0x00ac91   0x6e  Code  Gb  w25q.o [1]
W25Q_Write_Enable       0x00ac26   0x15  Code  Gb  w25q.o [1]
W25Q_Write_Page         0x00ac3b   0x56  Code  Gb  w25q.o [1]
WWDG_SWReset            0x00ddbb    0x5  Code  Gb  stm8l15x_wwdg.o [1]
_GenldFullNoMb          0x008d6e  0x383  Code  Lc  xprintffull_nomb.o [4]
_Get                    0x00ca4b   0x1c  Code  Lc  xscanffull_nomb.o [4]
_GetN                   0x00ca67   0x2c  Code  Lc  xscanffull_nomb.o [4]
_GetfldFullNoMb         0x00be09   0xbc  Code  Lc  xscanffull_nomb.o [4]
_GetfloatFullNoMb       0x0090f1  0x33a  Code  Lc  xscanffull_nomb.o [4]
_GetintFullNoMb         0x00a25d  0x1f0  Code  Lc  xscanffull_nomb.o [4]
_GetstrFullNoMb         0x00a610  0x193  Code  Lc  xscanffull_nomb.o [4]
_LdtobFullNoMb          0x00895c  0x412  Code  Lc  xprintffull_nomb.o [4]
_LitobFullNoMb          0x00aaa6  0x176  Code  Lc  xprintffull_nomb.o [4]
_PrintfFullNoMb         0x0084ff  0x45d  Code  Gb  xprintffull_nomb.o [4]
_Prout                  0x00d820   0x1b  Code  Gb  xprout.o [4]
_PutcharFullNoMb        0x00d116   0x2f  Code  Lc  xprintffull_nomb.o [4]
_PutcharsFullNoMb       0x00d050   0x33  Code  Lc  xprintffull_nomb.o [4]
_SProut                 0x00dbd6    0xb  Code  Gb  xsprout.o [4]
_SScin                  0x00d2e5   0x27  Code  Gb  xsscin.o [4]
_ScanfFullNoMb          0x00ad8e  0x16b  Code  Gb  xscanffull_nomb.o [4]
_Stoflt                 0x00999f  0x26b  Code  Gb  xstoflt.o [4]
_Stopfx                 0x00b84b   0xf9  Code  Gb  xstopfx.o [4]
_UngetN                 0x00d145   0x2e  Code  Lc  xscanffull_nomb.o [4]
__DebugBreak            0x00de3c    0x1  Code  Gb  __dbg_break.o [3]
__exit                  0x00d9d4   0x14  Code  Gb  __dbg_xxexit.o [3]
__iar_Dnorm             0x00b05c         Code  Gb  float_libsup.o [4]
__iar_Dscale            0x00b0ea         Code  Gb  float_libsup.o [4]
__iar_Dtentox           0x00aef9  0x163  Code  Gb  xdtento.o [4]
__iar_Dunscale          0x00b098         Code  Gb  float_libsup.o [4]
__iar_Errno             0x0001d3    0x2  Data  Gb  errno.o [4]
__iar_Memchr            0x00d568   0x21  Code  Gb  memchr.o [4]
__iar_Stold             0x00ba21    0x7  Code  Gb  xstold.o [4]
__iar_Stoldx            0x00b944   0xdd  Code  Gb  xstold.o [4]
__iar_Stolx             0x00ba28   0xcc  Code  Gb  xstol.o [4]
__iar_Stoul             0x00a609    0x7  Code  Gb  xstoul.o [4]
__iar_Stoulx            0x00a44d  0x1bc  Code  Gb  xstoul.o [4]
__iar_Strchr            0x00d96e   0x15  Code  Gb  strchr.o [4]
__iar_Strpbrk           0x00d762   0x1c  Code  Gb  strpbrk.o [4]
__iar_Strstr            0x00c7f8   0x59  Code  Gb  strstr.o [4]
__iar_copy_init2        0x00d221         Code  Gb  init_small.o [4]
__iar_data_init2        0x00d9ac   0x14  Code  Gb  init.o [4]
__iar_program_start     0x00da34         Code  Gb  cstartup.o [4]
__iar_unhandled_exception
                        0x00de1b         Code  Gb  unhandled_exception.o [4]
__iar_zero_init2        0x00d6d1         Code  Gb  init_small.o [4]
__intvec                0x008000         Data  Gb  interrupt.o [4]
__low_level_init        0x00de15    0x3  Code  Gb  low_level_init.o [4]
_exit                   0x00ddca         Code  Gb  cexit.o [4]
_interrupt_1            0x00de25         Code  Gb  stm8l15x_it.o [1]
_interrupt_10           0x00ced3         Code  Gb  stm8l15x_it.o [1]
_interrupt_11           0x00ce1f         Code  Gb  stm8l15x_it.o [1]
_interrupt_12           0x00d1f8         Code  Gb  stm8l15x_it.o [1]
_interrupt_13           0x00de2d         Code  Gb  stm8l15x_it.o [1]
_interrupt_14           0x00de2e         Code  Gb  stm8l15x_it.o [1]
_interrupt_15           0x00de2f         Code  Gb  stm8l15x_it.o [1]
_interrupt_16           0x00de30         Code  Gb  stm8l15x_it.o [1]
_interrupt_17           0x00d0b5         Code  Gb  stm8l15x_it.o [1]
_interrupt_18           0x00de31         Code  Gb  stm8l15x_it.o [1]
_interrupt_19           0x00de32         Code  Gb  stm8l15x_it.o [1]
_interrupt_20           0x00de33         Code  Gb  stm8l15x_it.o [1]
_interrupt_21           0x00c485         Code  Gb  stm8l15x_it.o [1]
_interrupt_22           0x00c8fe         Code  Gb  stm8l15x_it.o [1]
_interrupt_23           0x00de34         Code  Gb  stm8l15x_it.o [1]
_interrupt_24           0x00de35         Code  Gb  stm8l15x_it.o [1]
_interrupt_25           0x00de36         Code  Gb  stm8l15x_it.o [1]
_interrupt_26           0x00de37         Code  Gb  stm8l15x_it.o [1]
_interrupt_27           0x00de38         Code  Gb  stm8l15x_it.o [1]
_interrupt_28           0x00de39         Code  Gb  stm8l15x_it.o [1]
_interrupt_29           0x00de3a         Code  Gb  stm8l15x_it.o [1]
_interrupt_3            0x00de26         Code  Gb  stm8l15x_it.o [1]
_interrupt_30           0x00c9fd         Code  Gb  stm8l15x_it.o [1]
_interrupt_31           0x00de3b         Code  Gb  stm8l15x_it.o [1]
_interrupt_4            0x00de27         Code  Gb  stm8l15x_it.o [1]
_interrupt_5            0x00de28         Code  Gb  stm8l15x_it.o [1]
_interrupt_6            0x00de29         Code  Gb  stm8l15x_it.o [1]
_interrupt_7            0x00de2a         Code  Gb  stm8l15x_it.o [1]
_interrupt_8            0x00de2b         Code  Gb  stm8l15x_it.o [1]
_interrupt_9            0x00de2c         Code  Gb  stm8l15x_it.o [1]
board_Init              0x00a228   0x35  Code  Gb  board.o [1]
board_LedInit           0x00a1e2   0x30  Code  Lc  board.o [1]
board_RS485Init_Config  0x00b1bd  0x135  Code  Gb  board.o [1]
board_RccInit           0x00a212   0x16  Code  Lc  board.o [1]
board_Rs485Recv         0x00c561   0x65  Code  Gb  board.o [1]
board_Rs485Send         0x00c851   0x57  Code  Gb  board.o [1]
board_SpiInit           0x00a0c2   0x66  Code  Lc  board.o [1]
board_TIME2Init         0x00a08e   0x34  Code  Gb  board.o [1]
board_UartInit          0x00a128   0x4d  Code  Lc  board.o [1]
board_keyInit           0x00a05d   0x31  Code  Lc  board.o [1]
board_rtcInit           0x00a175   0x6d  Code  Lc  board.o [1]
checkParams             0x00ccaa   0x3f  Code  Lc  main.o [1]
chvalid                 0x00d547   0x21  Code  Lc  xscanffull_nomb.o [4]
digits                  0x00d37c   0x25  Data  Lc  xstoul.o [4]
div                     0x00d0e6   0x30  Code  Gb  div.o [4]
dmul                    0x00d1cc   0x2c  Code  Lc  xdtento.o [4]
enumRunning_status      0x000013    0x1  Data  Gb  main.o [1]
exit                    0x00de18    0x3  Code  Gb  exit.o [4]
function_time           0x0001c5    0x4  Data  Gb  main.o [1]
helper_AddCrc           0x00d01d   0x33  Code  Gb  helper.o [1]
helper_printTitleHex    0x00ca93   0x46  Code  Gb  helper.o [1]
helper_strsep           0x00c62b   0x62  Code  Gb  helper.o [1]
idle                    0x00970c  0x293  Code  Lc  main.o [1]
init                    0x00cf0d   0x37  Code  Lc  main.o [1]
isalnum                 0x00d47a   0x24  Code  Gb  isalnum.o [4]
isdigit                 0x00da9c   0x10  Code  Gb  isdigit.o [4]
isspace                 0x00d983   0x15  Code  Gb  isxxx.o [4]
loraRecvLength          0x0001cf    0x2  Data  Gb  main.o [1]
lora_Init               0x0094a8   0xd2  Code  Gb  lora.o [1]
loramode                0x0001d5    0x1  Data  Gb  lora.o [1]
main                    0x00dc9b    0x8  Code  Gb  main.o [1]
memchr                  0x00de1e    0x3  Code  Gb  memchr.o [4]
memcpy                  0x00d639   0x1f  Code  Gb  memcpy.o [4]
memset                  0x00d943   0x16  Code  Gb  memset.o [4]
ndigs                   0x00d3a1   0x25  Data  Lc  xstoul.o [4]
pad                     0x00cfb2   0x37  Code  Lc  xprintffull_nomb.o [4]
parsParams              0x00b537  0x10d  Code  Lc  main.o [1]
pows                    0x00d8b9   0x18  Data  Lc  xdtento.o [4]
printf                  0x00d729   0x1d  Code  Gb  printf.o [4]
putchar                 0x00d5bb   0x20  Code  Gb  board.o [1]
ranmatch                0x00c743   0x5b  Code  Lc  xscanffull_nomb.o [4]
readConfig              0x00bbbe   0xc8  Code  Lc  main.o [1]
resetSysConfig          0x00d5db   0x20  Code  Lc  main.o [1]
saveConfig              0x009e4d  0x210  Code  Lc  main.o [1]
scale                   0x00cb62   0x43  Code  Lc  xprintffull_nomb.o [4]
sendFaildAck            0x00d432   0x24  Code  Lc  main.o [1]
sendLocalParams         0x00d9fb   0x13  Code  Gb  main.o [1]
sendOKAck               0x00d40e   0x24  Code  Lc  main.o [1]
sendParamsAck           0x00bd4d   0xbc  Code  Lc  main.o [1]
spi_communication       0x00c8a8   0x56  Code  Gb  board.o [1]
sprintf                 0x00cde2   0x3d  Code  Gb  sprintf.o [4]
sscanf                  0x00d6b3   0x1e  Code  Gb  sscanf.o [4]
static_lora_getRssi     0x00d805   0x1b  Code  Lc  lora.o [1]
strchr                  0x00de03    0x3  Code  Gb  helper.o [1]
strlen                  0x00db78    0xd  Code  Gb  strlen.o [4]
strpbrk                 0x00de06    0x3  Code  Gb  helper.o [1]
strstr                  0x00de09    0x3  Code  Gb  main.o [1]
waittingConfig          0x00bc86   0xc7  Code  Lc  main.o [1]


[1] = D:\24gdolphin\TestCode\node_code-DTU485\Debug\Obj
[2] = command line
[3] = dbgstm8smd.a
[4] = dlstm8smn.a

  22 210 bytes of readonly  code memory
   1 915 bytes of readonly  data memory
     730 bytes of readwrite data memory

Errors: none
Warnings: none
